http://www.jonathanturner.org/2015/10/off-to-new-adventures.html
